------------------------------------------------------------
Timing Analyzer Summary
------------------------------------------------------------

Type  : Slow 1100mV 85C Model Setup 'vga:vga_module|pll:vgapll|toggle'
Slack : -7.054
TNS   : -13220.002

Type  : Slow 1100mV 85C Model Setup 'clk'
Slack : -2.340
TNS   : -2.340

Type  : Slow 1100mV 85C Model Hold 'vga:vga_module|pll:vgapll|toggle'
Slack : 0.455
TNS   : 0.000

Type  : Slow 1100mV 85C Model Hold 'clk'
Slack : 1.037
TNS   : 0.000

Type  : Slow 1100mV 85C Model Minimum Pulse Width 'vga:vga_module|pll:vgapll|toggle'
Slack : -2.174
TNS   : -52163.843

Type  : Slow 1100mV 85C Model Minimum Pulse Width 'clk'
Slack : -0.454
TNS   : -0.848

Type  : Slow 1100mV 0C Model Setup 'vga:vga_module|pll:vgapll|toggle'
Slack : -7.357
TNS   : -12379.897

Type  : Slow 1100mV 0C Model Setup 'clk'
Slack : -2.251
TNS   : -2.251

Type  : Slow 1100mV 0C Model Hold 'vga:vga_module|pll:vgapll|toggle'
Slack : 0.506
TNS   : 0.000

Type  : Slow 1100mV 0C Model Hold 'clk'
Slack : 0.967
TNS   : 0.000

Type  : Slow 1100mV 0C Model Minimum Pulse Width 'vga:vga_module|pll:vgapll|toggle'
Slack : -2.174
TNS   : -52189.416

Type  : Slow 1100mV 0C Model Minimum Pulse Width 'clk'
Slack : -0.472
TNS   : -0.866

Type  : Fast 1100mV 85C Model Setup 'vga:vga_module|pll:vgapll|toggle'
Slack : -4.513
TNS   : -7639.246

Type  : Fast 1100mV 85C Model Setup 'clk'
Slack : -1.831
TNS   : -1.831

Type  : Fast 1100mV 85C Model Hold 'vga:vga_module|pll:vgapll|toggle'
Slack : 0.271
TNS   : 0.000

Type  : Fast 1100mV 85C Model Hold 'clk'
Slack : 0.995
TNS   : 0.000

Type  : Fast 1100mV 85C Model Minimum Pulse Width 'vga:vga_module|pll:vgapll|toggle'
Slack : -2.174
TNS   : -52008.433

Type  : Fast 1100mV 85C Model Minimum Pulse Width 'clk'
Slack : -0.439
TNS   : -0.530

Type  : Fast 1100mV 0C Model Setup 'vga:vga_module|pll:vgapll|toggle'
Slack : -3.841
TNS   : -6381.840

Type  : Fast 1100mV 0C Model Setup 'clk'
Slack : -1.550
TNS   : -1.550

Type  : Fast 1100mV 0C Model Hold 'vga:vga_module|pll:vgapll|toggle'
Slack : 0.289
TNS   : 0.000

Type  : Fast 1100mV 0C Model Hold 'clk'
Slack : 0.716
TNS   : 0.000

Type  : Fast 1100mV 0C Model Minimum Pulse Width 'vga:vga_module|pll:vgapll|toggle'
Slack : -2.174
TNS   : -51914.535

Type  : Fast 1100mV 0C Model Minimum Pulse Width 'clk'
Slack : -0.448
TNS   : -0.554

------------------------------------------------------------
